::1 - - [08/May/2026:17:45:03 +0000] "DELETE /api/v1/admin/delete/logs HTTP/1.1" 200 54 "-" "PostmanRuntime/7.54.0"
::1 - - [08/May/2026:17:45:17 +0000] "GET /api/v1/admin/logs HTTP/1.1" 200 159 "-" "PostmanRuntime/7.54.0"
::1 - - [09/May/2026:19:30:16 +0000] "GET /api/v1/admin/logs HTTP/1.1" 200 274 "-" "PostmanRuntime/7.54.0"
::1 - - [09/May/2026:19:30:21 +0000] "GET /api/v1/admin/logs HTTP/1.1" 200 389 "-" "PostmanRuntime/7.54.0"
::1 - - [09/May/2026:19:33:55 +0000] "GET /api/v1/admin/logs HTTP/1.1" 200 504 "-" "PostmanRuntime/7.54.0"
::1 - - [09/May/2026:19:33:58 +0000] "GET /api/v1/admin/logs HTTP/1.1" 200 619 "-" "PostmanRuntime/7.54.0"
::1 - - [09/May/2026:19:34:02 +0000] "GET /api/v1/admin/logs HTTP/1.1" 200 734 "-" "PostmanRuntime/7.54.0"
::1 - - [09/May/2026:19:34:16 +0000] "GET /api/v1/feeds/timeline HTTP/1.1" 500 66 "-" "PostmanRuntime/7.54.0"
::1 - - [09/May/2026:19:34:54 +0000] "GET /api/v1/creators HTTP/1.1" 200 2 "-" "PostmanRuntime/7.54.0"
::1 - - [09/May/2026:19:35:16 +0000] "GET /api/v1/profiles/me HTTP/1.1" 500 37 "-" "PostmanRuntime/7.54.0"
::1 - - [09/May/2026:19:37:44 +0000] "GET /api/v1/creator/register HTTP/1.1" 404 162 "-" "PostmanRuntime/7.54.0"
::1 - - [09/May/2026:19:37:57 +0000] "POST /api/v1/creator/register HTTP/1.1" 201 153 "-" "PostmanRuntime/7.54.0"
::1 - - [09/May/2026:19:38:19 +0000] "POST /api/v1/creator/login HTTP/1.1" 200 361 "-" "PostmanRuntime/7.54.0"
::1 - - [09/May/2026:19:40:09 +0000] "POST /api/v1/posts/create HTTP/1.1" 401 28 "-" "PostmanRuntime/7.54.0"
::1 - - [09/May/2026:19:40:39 +0000] "POST /api/v1/posts/create HTTP/1.1" 201 229 "-" "PostmanRuntime/7.54.0"
::1 - - [09/May/2026:19:42:15 +0000] "POST /api/v1/posts/create HTTP/1.1" 500 74 "-" "PostmanRuntime/7.54.0"
::1 - - [09/May/2026:19:42:31 +0000] "POST /api/v1/creator/register HTTP/1.1" 201 150 "-" "PostmanRuntime/7.54.0"
::1 - - [09/May/2026:19:42:45 +0000] "POST /api/v1/creator/login HTTP/1.1" 200 357 "-" "PostmanRuntime/7.54.0"
::1 - - [09/May/2026:19:45:41 +0000] "PUT /api/v1/posts/updatePosts/69ff8db734801a20a6864ae7 HTTP/1.1" - - "-" "PostmanRuntime/7.54.0"
::1 - - [09/May/2026:19:46:09 +0000] "DELETE /api/v1/posts/deletePosts/69ff8db734801a20a6864ae7 HTTP/1.1" 404 191 "-" "PostmanRuntime/7.54.0"
::1 - - [09/May/2026:19:46:41 +0000] "DELETE /api/v1/posts/deletePosts/69ff8db734801a20a6864ae7 HTTP/1.1" 404 191 "-" "PostmanRuntime/7.54.0"
::1 - - [09/May/2026:19:55:00 +0000] "DELETE /api/v1/posts/deletePost/69ff8db734801a20a6864ae7 HTTP/1.1" 401 31 "-" "PostmanRuntime/7.54.0"
::1 - - [09/May/2026:19:56:35 +0000] "POST /api/v1/creator/login HTTP/1.1" 200 357 "-" "PostmanRuntime/7.54.0"
::1 - - [09/May/2026:19:58:56 +0000] "DELETE /api/v1/posts/deletePost/69ff8db734801a20a6864ae7 HTTP/1.1" 401 31 "-" "PostmanRuntime/7.54.0"
::1 - - [09/May/2026:20:00:34 +0000] "DELETE /api/v1/profiles/me HTTP/1.1" 404 160 "-" "PostmanRuntime/7.54.0"
::1 - - [09/May/2026:20:00:42 +0000] "GET /api/v1/profiles/me HTTP/1.1" 500 37 "-" "PostmanRuntime/7.54.0"
::1 - - [09/May/2026:20:21:50 +0000] "GET /api/v1/posts/getPosts HTTP/1.1" 401 28 "-" "PostmanRuntime/7.54.0"
::1 - - [10/May/2026:07:09:06 +0000] "GET /api/v1/admin/logs HTTP/1.1" 401 28 "-" "PostmanRuntime/7.54.0"
::1 - - [10/May/2026:07:09:45 +0000] "POST /api/v1/creator/login HTTP/1.1" 404 31 "-" "PostmanRuntime/7.54.0"
::1 - - [10/May/2026:07:10:13 +0000] "POST /api/v1/creator/register HTTP/1.1" 201 150 "-" "PostmanRuntime/7.54.0"
::1 - - [10/May/2026:07:10:30 +0000] "POST /api/v1/creator/login HTTP/1.1" 200 357 "-" "PostmanRuntime/7.54.0"
::1 - - [10/May/2026:07:11:27 +0000] "GET /api/v1/admin/logs HTTP/1.1" 400 27 "-" "PostmanRuntime/7.54.0"
